2024-01-15 09:00:01 INFO  GET /api/users 200 OK 12ms
2024-01-15 09:00:03 ERROR DB connection timeout after 30s
2024-01-15 09:00:05 INFO  POST /api/login 200 OK 34ms
2024-01-15 09:00:07 WARN  High memory usage: 87%
2024-01-15 09:00:09 ERROR NullPointerException in OrderService.py line 142
2024-01-15 09:00:11 INFO  GET /api/products 200 OK 8ms
2024-01-15 09:00:13 INFO  User 4821 logged in from 192.168.1.1
2024-01-15 09:00:15 ERROR Payment gateway timeout — retry 1/3
2024-01-15 09:00:17 INFO  Cache hit ratio: 94%
2024-01-15 09:00:19 WARN  Slow query detected — 2.3s on users table
2024-01-15 09:00:21 INFO  Scheduled backup job completed
2024-01-15 09:00:23 ERROR SSL certificate expiring in 3 days
2024-01-15 09:00:25 INFO  GET /dashboard 200 OK 22ms
2024-01-15 09:00:27 WARN  Rate limit approaching for IP 10.0.0.5
2024-01-15 09:00:29 ERROR Unhandled exception: FileNotFoundException
2024-01-15 09:00:31 INFO  New user registered id=9912
2024-01-15 09:00:33 INFO  GET /api/orders 200 OK 18ms
2024-01-15 09:00:35 ERROR Memory limit exceeded — process killed
2024-01-15 09:00:37 INFO  Health check passed
2024-01-15 09:00:39 WARN  Disk usage at 91%